[    0.000000] Initializing cgroup subsys cpuset
[    0.000000] Initializing cgroup subsys cpu
[    0.000000] Initializing cgroup subsys cpuacct
[    0.000000] Linux version 4.4.0-93-generic (buildd@lgw01-23) (gcc version 5.4.0 20160609 (Ubuntu 5.4.0-6ubuntu1~16.04.4) ) #116-Ubuntu SMP Fri Aug 11 21:17:52 UTC 2017 (Ubuntu 4.4.0-93.116-generic 4.4.79)
[    0.000000] KERNEL supported cpus:
[    0.000000]   Intel GenuineIntel
[    0.000000]   AMD AuthenticAMD
[    0.000000]   NSC Geode by NSC
[    0.000000]   Cyrix CyrixInstead
[    0.000000]   Centaur CentaurHauls
[    0.000000]   Transmeta GenuineTMx86
[    0.000000]   Transmeta TransmetaCPU
[    0.000000]   UMC UMC UMC UMC
[    0.000000] x86/fpu: Legacy x87 FPU detected.
[    0.000000] x86/fpu: Using 'lazy' FPU context switches.
[    0.000000] e820: BIOS-provided physical RAM map:
[    0.000000] BIOS-e820: [mem 0x0000000000000000-0x000000000009fbff] usable
[    0.000000] BIOS-e820: [mem 0x000000000009fc00-0x000000000009ffff] reserved
[    0.000000] BIOS-e820: [mem 0x00000000000f0000-0x00000000000fffff] reserved
[    0.000000] BIOS-e820: [mem 0x0000000000100000-0x00000000dffeffff] usable
[    0.000000] BIOS-e820: [mem 0x00000000dfff0000-0x00000000dfffffff] ACPI data
[    0.000000] BIOS-e820: [mem 0x00000000fec00000-0x00000000fec00fff] reserved
[    0.000000] BIOS-e820: [mem 0x00000000fee00000-0x00000000fee00fff] reserved
[    0.000000] BIOS-e820: [mem 0x00000000fffc0000-0x00000000ffffffff] reserved
[    0.000000] BIOS-e820: [mem 0x0000000100000000-0x00000001d07fffff] usable
[    0.000000] NX (Execute Disable) protection: active
[    0.000000] SMBIOS 2.5 present.
[    0.000000] DMI: innotek GmbH VirtualBox/VirtualBox, BIOS VirtualBox 12/01/2006
[    0.000000] Hypervisor detected: KVM
[    0.000000] e820: update [mem 0x00000000-0x00000fff] usable ==> reserved
[    0.000000] e820: remove [mem 0x000a0000-0x000fffff] usable
[    0.000000] e820: last_pfn = 0x1d0800 max_arch_pfn = 0x1000000
[    0.000000] MTRR default type: uncachable
[    0.000000] MTRR fixed ranges disabled:
[    0.000000]   00000-FFFFF uncachable
[    0.000000] MTRR variable ranges disabled:
[    0.000000]   0 disabled
[    0.000000]   1 disabled
[    0.000000]   2 disabled
[    0.000000]   3 disabled
[    0.000000]   4 disabled
[    0.000000]   5 disabled
[    0.000000]   6 disabled
[    0.000000]   7 disabled
[    0.000000] MTRR: Disabled
[    0.000000] x86/PAT: MTRRs disabled, skipping PAT initialization too.
[    0.000000] CPU MTRRs all blank - virtualized system.
[    0.000000] x86/PAT: Configuration [0-7]: WB  WT  UC- UC  WB  WT  UC- UC  
[    0.000000] found SMP MP-table at [mem 0x0009fff0-0x0009ffff] mapped at [c009fff0]
[    0.000000] Scanning 1 areas for low memory corruption
[    0.000000] initial memory mapped: [mem 0x00000000-0x021fffff]
[    0.000000] Base memory trampoline at [c009b000] 9b000 size 16384
[    0.000000] BRK [0x01d6f000, 0x01d6ffff] PGTABLE
[    0.000000] BRK [0x01d70000, 0x01d70fff] PGTABLE
[    0.000000] RAMDISK: [mem 0x33898000-0x35c43fff]
[    0.000000] ACPI: Early table checksum verification disabled
[    0.000000] ACPI: RSDP 0x00000000000E0000 000024 (v02 VBOX  )
[    0.000000] ACPI: XSDT 0x00000000DFFF0030 00003C (v01 VBOX   VBOXXSDT 00000001 ASL  00000061)
[    0.000000] ACPI: FACP 0x00000000DFFF00F0 0000F4 (v04 VBOX   VBOXFACP 00000001 ASL  00000061)
[    0.000000] ACPI: DSDT 0x00000000DFFF0480 002325 (v02 VBOX   VBOXBIOS 00000002 INTL 20100528)
[    0.000000] ACPI: FACS 0x00000000DFFF0200 000040
[    0.000000] ACPI: FACS 0x00000000DFFF0200 000040
[    0.000000] ACPI: APIC 0x00000000DFFF0240 00006C (v02 VBOX   VBOXAPIC 00000001 ASL  00000061)
[    0.000000] ACPI: SSDT 0x00000000DFFF02B0 0001CC (v01 VBOX   VBOXCPUT 00000002 INTL 20100528)
[    0.000000] ACPI: Local APIC address 0xfee00000
[    0.000000] 6540MB HIGHMEM available.
[    0.000000] 891MB LOWMEM available.
[    0.000000]   mapped low ram: 0 - 37bfe000
[    0.000000]   low ram: 0 - 37bfe000
[    0.000000] kvm-clock: Using msrs 4b564d01 and 4b564d00
[    0.000000] kvm-clock: cpu 0, msr 0:37bfd001, primary cpu clock
[    0.000000] kvm-clock: using sched offset of 5598068074 cycles
[    0.000000] clocksource: kvm-clock: mask: 0xffffffffffffffff max_cycles: 0x1cd42e4dffb, max_idle_ns: 881590591483 ns
[    0.000000] Zone ranges:
[    0.000000]   DMA      [mem 0x0000000000001000-0x0000000000ffffff]
[    0.000000]   Normal   [mem 0x0000000001000000-0x0000000037bfdfff]
[    0.000000]   HighMem  [mem 0x0000000037bfe000-0x00000001d07fffff]
[    0.000000] Movable zone start for each node
[    0.000000] Early memory node ranges
[    0.000000]   node   0: [mem 0x0000000000001000-0x000000000009efff]
[    0.000000]   node   0: [mem 0x0000000000100000-0x00000000dffeffff]
[    0.000000]   node   0: [mem 0x0000000100000000-0x00000001d07fffff]
[    0.000000] Initmem setup node 0 [mem 0x0000000000001000-0x00000001d07fffff]
[    0.000000] On node 0 totalpages: 1771406
[    0.000000]   DMA zone: 40 pages used for memmap
[    0.000000]   DMA zone: 0 pages reserved
[    0.000000]   DMA zone: 3998 pages, LIFO batch:0
[    0.000000]   Normal zone: 2190 pages used for memmap
[    0.000000]   Normal zone: 224254 pages, LIFO batch:31
[    0.000000]   HighMem zone: 1543154 pages, LIFO batch:31
[    0.000000] Using APIC driver default
[    0.000000] ACPI: PM-Timer IO Port: 0x4008
[    0.000000] ACPI: Local APIC address 0xfee00000
[    0.000000] IOAPIC[0]: apic_id 4, version 32, address 0xfec00000, GSI 0-23
[    0.000000] ACPI: INT_SRC_OVR (bus 0 bus_irq 0 global_irq 2 dfl dfl)
[    0.000000] ACPI: INT_SRC_OVR (bus 0 bus_irq 9 global_irq 9 low level)
[    0.000000] ACPI: IRQ0 used by override.
[    0.000000] ACPI: IRQ9 used by override.
[    0.000000] Using ACPI (MADT) for SMP configuration information
[    0.000000] smpboot: Allowing 4 CPUs, 0 hotplug CPUs
[    0.000000] PM: Registered nosave memory: [mem 0x00000000-0x00000fff]
[    0.000000] PM: Registered nosave memory: [mem 0x0009f000-0x0009ffff]
[    0.000000] PM: Registered nosave memory: [mem 0x000a0000-0x000effff]
[    0.000000] PM: Registered nosave memory: [mem 0x000f0000-0x000fffff]
[    0.000000] e820: [mem 0xe0000000-0xfebfffff] available for PCI devices
[    0.000000] Booting paravirtualized kernel on KVM
[    0.000000] clocksource: refined-jiffies: mask: 0xffffffff max_cycles: 0xffffffff, max_idle_ns: 7645519600211568 ns
[    0.000000] setup_percpu: NR_CPUS:8 nr_cpumask_bits:8 nr_cpu_ids:4 nr_node_ids:1
[    0.000000] PERCPU: Embedded 19 pages/cpu @f5d8a000 s47436 r0 d30388 u77824
[    0.000000] pcpu-alloc: s47436 r0 d30388 u77824 alloc=19*4096
[    0.000000] pcpu-alloc: [0] 0 [0] 1 [0] 2 [0] 3 
[    0.000000] PV qspinlock hash table entries: 512 (order: 0, 4096 bytes)
[    0.000000] Built 1 zonelists in Zone order, mobility grouping on.  Total pages: 1769176
[    0.000000] Kernel command line: BOOT_IMAGE=/boot/vmlinuz-4.4.0-93-generic root=UUID=561dfbc1-47ef-484d-bc8e-a6238719e209 ro quiet splash
[    0.000000] PID hash table entries: 4096 (order: 2, 16384 bytes)
[    0.000000] Dentry cache hash table entries: 131072 (order: 7, 524288 bytes)
[    0.000000] Inode-cache hash table entries: 65536 (order: 6, 262144 bytes)
[    0.000000] Initializing CPU#0
[    0.000000] Initializing HighMem for node 0 (00037bfe:001d0800)
[    0.000000] Initializing Movable for node 0 (00000000:00000000)
[    0.000000] Memory: 6962312K/7085624K available (7965K kernel code, 771K rwdata, 3168K rodata, 940K init, 800K bss, 123312K reserved, 0K cma-reserved, 6172616K highmem)
[    0.000000] virtual kernel memory layout:
                   fixmap  : 0xfff15000 - 0xfffff000   ( 936 kB)
                   pkmap   : 0xffc00000 - 0xffe00000   (2048 kB)
                   vmalloc : 0xf83fe000 - 0xffbfe000   ( 120 MB)
                   lowmem  : 0xc0000000 - 0xf7bfe000   ( 891 MB)
                     .init : 0xc1ba3000 - 0xc1c8e000   ( 940 kB)
                     .data : 0xc17c77ad - 0xc1ba1c00   (3945 kB)
                     .text : 0xc1000000 - 0xc17c77ad   (7965 kB)
[    0.000000] Checking if this processor honours the WP bit even in supervisor mode...Ok.
[    0.000000] SLUB: HWalign=64, Order=0-3, MinObjects=0, CPUs=4, Nodes=1
[    0.000000] Hierarchical RCU implementation.
[    0.000000] 	Build-time adjustment of leaf fanout to 32.
[    0.000000] 	RCU restricting CPUs from NR_CPUS=8 to nr_cpu_ids=4.
[    0.000000] RCU: Adjusting geometry for rcu_fanout_leaf=32, nr_cpu_ids=4
[    0.000000] NR_IRQS:2304 nr_irqs:456 16
[    0.000000] CPU 0 irqstacks, hard=f0c38000 soft=f0c3a000
[    0.000000] Console: colour VGA+ 80x25
[    0.000000] console [tty0] enabled
[    0.000000] allocated 7340032 bytes of page_ext
[    0.000000] tsc: Detected 1497.603 MHz processor
[    0.998111] Calibrating delay loop (skipped) preset value.. 2995.20 BogoMIPS (lpj=5990412)
[    0.998114] pid_max: default: 32768 minimum: 301
[    0.998119] ACPI: Core revision 20150930
[    0.998999] ACPI: 2 ACPI AML tables successfully acquired and loaded
[    0.999010] Security Framework initialized
[    0.999011] Yama: becoming mindful.
[    0.999134] AppArmor: AppArmor initialized
[    0.999154] Mount-cache hash table entries: 2048 (order: 1, 8192 bytes)
[    0.999155] Mountpoint-cache hash table entries: 2048 (order: 1, 8192 bytes)
[    0.999630] Initializing cgroup subsys io
[    0.999633] Initializing cgroup subsys memory
[    0.999636] Initializing cgroup subsys devices
[    0.999637] Initializing cgroup subsys freezer
[    0.999638] Initializing cgroup subsys net_cls
[    0.999640] Initializing cgroup subsys perf_event
[    0.999641] Initializing cgroup subsys net_prio
[    0.999792] Initializing cgroup subsys hugetlb
[    0.999794] Initializing cgroup subsys pids
[    1.000992] CPU: Physical Processor ID: 0
[    1.000994] CPU: Processor Core ID: 0
[    1.001133] mce: CPU supports 0 MCE banks
[    1.001590] Last level iTLB entries: 4KB 0, 2MB 0, 4MB 0
[    1.001592] Last level dTLB entries: 4KB 0, 2MB 0, 4MB 0, 1GB 0
[    1.040068] Freeing SMP alternatives memory: 28K (c1c8e000 - c1c95000)
[    1.146265] ftrace: allocating 31417 entries in 62 pages
[    1.644893] smpboot: APIC(0) Converting physical 0 to logical package 0
[    1.644895] smpboot: Max logical packages: 1
[    1.644958] Enabling APIC mode:  Flat.  Using 1 I/O APICs
[    1.658292] ..TIMER: vector=0x30 apic1=0 pin1=2 apic2=-1 pin2=-1
[    1.767272] smpboot: CPU0: Intel(R) Core(TM) i7-1065G7 CPU @ 1.30GHz (family: 0x6, model: 0x7e, stepping: 0x5)
[    1.767284] Performance Events: unsupported p6 CPU model 126 no PMU driver, software events only.
[    1.767318] KVM setup paravirtual spinlock
[    1.768864] CPU 1 irqstacks, hard=f005a000 soft=f005c000
[    1.768865] x86: Booting SMP configuration:
[    1.768866] .... node  #0, CPUs:      #1
[1266874884.111483] Initializing CPU#1
[    1.769840] kvm-clock: cpu 1, msr 0:37bfd041, secondary cpu clock
[    1.772037] mce: CPU supports 0 MCE banks
[    1.774115] TSC synchronization [CPU#0 -> CPU#1]:
[    1.774118] Measured 31679 cycles TSC warp between CPUs, turning off TSC clock.
[    1.774120] tsc: Marking TSC unstable due to check_tsc_sync_source failed
[    1.774754] CPU 2 irqstacks, hard=f008e000 soft=f0090000
[    1.774755]  #2
[1266874884.111483] Initializing CPU#2
[    1.775750] kvm-clock: cpu 2, msr 0:37bfd081, secondary cpu clock
[    1.777955] mce: CPU supports 0 MCE banks
[    0.186364] CPU 3 irqstacks, hard=f00ac000 soft=f00ae000
[    0.186367]  #3
[    0.000000] Initializing CPU#3
[    0.004000] kvm-clock: cpu 3, msr 0:37bfd0c1, secondary cpu clock
[    0.004000] mce: CPU supports 0 MCE banks
[    0.190149] x86: Booted up 1 node, 4 CPUs
[    0.190152] smpboot: Total of 4 processors activated (11980.82 BogoMIPS)
[    0.192480] devtmpfs: initialized
[    0.195393] evm: security.selinux
[    0.195395] evm: security.SMACK64
[    0.195396] evm: security.SMACK64EXEC
[    0.195396] evm: security.SMACK64TRANSMUTE
[    0.195397] evm: security.SMACK64MMAP
[    0.195398] evm: security.ima
[    0.195398] evm: security.capability
[    0.196746] clocksource: jiffies: mask: 0xffffffff max_cycles: 0xffffffff, max_idle_ns: 7645041785100000 ns
[    0.196750] futex hash table entries: 1024 (order: 4, 65536 bytes)
[    0.200154] pinctrl core: initialized pinctrl subsystem
[    0.200511] RTC time: 12:56:20, date: 11/21/21
[    0.201253] NET: Registered protocol family 16
[    0.201440] EISA bus registered
[    0.212019] cpuidle: using governor ladder
[    0.224010] cpuidle: using governor menu
[    0.224017] PCCT header not found.
[    0.224107] ACPI: bus type PCI registered
[    0.224110] acpiphp: ACPI Hot Plug PCI Controller Driver version: 0.5
[    0.224918] PCI : PCI BIOS area is rw and x. Use pci=nobios if you want it NX.
[    0.224921] PCI: PCI BIOS revision 2.10 entry at 0xfda26, last bus=0
[    0.224922] PCI: Using configuration type 1 for base access
[    0.240719] ACPI: Added _OSI(Module Device)
[    0.240721] ACPI: Added _OSI(Processor Device)
[    0.240723] ACPI: Added _OSI(3.0 _SCP Extensions)
[    0.240724] ACPI: Added _OSI(Processor Aggregator Device)
[    0.244214] ACPI: Executed 1 blocks of module-level executable AML code
[    0.246813] ACPI: Interpreter enabled
[    0.246824] ACPI: (supports S0 S5)
[    0.246826] ACPI: Using IOAPIC for interrupt routing
[    0.247098] PCI: Using host bridge windows from ACPI; if necessary, use "pci=nocrs" and report a bug
[    0.251578] ACPI: PCI Root Bridge [PCI0] (domain 0000 [bus 00-ff])
[    0.251582] acpi PNP0A03:00: _OSC: OS supports [ASPM ClockPM Segments MSI]
[    0.252000] acpi PNP0A03:00: _OSC: not requesting OS control; OS requires [ExtendedConfig ASPM ClockPM MSI]
[    0.252000] acpi PNP0A03:00: fail to add MMCONFIG information, can't access extended PCI configuration space under this bridge.
[    0.252000] PCI host bridge to bus 0000:00
[    0.252000] pci_bus 0000:00: root bus resource [io  0x0000-0x0cf7 window]
[    0.252000] pci_bus 0000:00: root bus resource [io  0x0d00-0xffff window]
[    0.252000] pci_bus 0000:00: root bus resource [mem 0x000a0000-0x000bffff window]
[    0.252000] pci_bus 0000:00: root bus resource [mem 0xe0000000-0xfdffffff window]
[    0.252000] pci_bus 0000:00: root bus resource [bus 00-ff]
[    0.252000] pci 0000:00:00.0: [8086:1237] type 00 class 0x060000
[    0.253017] pci 0000:00:01.0: [8086:7000] type 00 class 0x060100
[    0.255070] pci 0000:00:01.1: [8086:7111] type 00 class 0x01018a
[    0.256000] pci 0000:00:01.1: reg 0x20: [io  0xd000-0xd00f]
[    0.256000] pci 0000:00:01.1: legacy IDE quirk: reg 0x10: [io  0x01f0-0x01f7]
[    0.256000] pci 0000:00:01.1: legacy IDE quirk: reg 0x14: [io  0x03f6]
[    0.256000] pci 0000:00:01.1: legacy IDE quirk: reg 0x18: [io  0x0170-0x0177]
[    0.256000] pci 0000:00:01.1: legacy IDE quirk: reg 0x1c: [io  0x0376]
[    0.256000] pci 0000:00:02.0: [80ee:beef] type 00 class 0x030000
[    0.260063] pci 0000:00:02.0: reg 0x10: [mem 0xe0000000-0xe3ffffff pref]
[    0.296665] pci 0000:00:03.0: [8086:100e] type 00 class 0x020000
[    0.300003] pci 0000:00:03.0: reg 0x10: [mem 0xf0000000-0xf001ffff]
[    0.300415] pci 0000:00:03.0: reg 0x18: [io  0xd010-0xd017]
[    0.302354] pci 0000:00:04.0: [80ee:cafe] type 00 class 0x088000
[    0.302853] pci 0000:00:04.0: reg 0x10: [io  0xd020-0xd03f]
[    0.303119] pci 0000:00:04.0: reg 0x14: [mem 0xf0400000-0xf07fffff]
[    0.303323] pci 0000:00:04.0: reg 0x18: [mem 0xf0800000-0xf0803fff pref]
[    0.305174] pci 0000:00:06.0: [106b:003f] type 00 class 0x0c0310
[    0.305588] pci 0000:00:06.0: reg 0x10: [mem 0xf0804000-0xf0804fff]
[    0.308032] pci 0000:00:07.0: [8086:7113] type 00 class 0x068000
[    0.309708] pci 0000:00:07.0: quirk: [io  0x4000-0x403f] claimed by PIIX4 ACPI
[    0.309852] pci 0000:00:07.0: quirk: [io  0x4100-0x410f] claimed by PIIX4 SMB
[    0.311009] pci 0000:00:0d.0: [8086:2829] type 00 class 0x010601
[    0.311649] pci 0000:00:0d.0: reg 0x10: [io  0xd040-0xd047]
[    0.312140] pci 0000:00:0d.0: reg 0x14: [io  0xd048-0xd04b]
[    0.312346] pci 0000:00:0d.0: reg 0x18: [io  0xd050-0xd057]
[    0.312551] pci 0000:00:0d.0: reg 0x1c: [io  0xd058-0xd05b]
[    0.312867] pci 0000:00:0d.0: reg 0x20: [io  0xd060-0xd06f]
[    0.313091] pci 0000:00:0d.0: reg 0x24: [mem 0xf0806000-0xf0807fff]
[    0.314645] pci_bus 0000:00: on NUMA node 0
[    0.316583] ACPI: PCI Interrupt Link [LNKA] (IRQs 5 9 10 *11)
[    0.317108] ACPI: PCI Interrupt Link [LNKB] (IRQs 5 9 *10 11)
[    0.317253] ACPI: PCI Interrupt Link [LNKC] (IRQs 5 *9 10 11)
[    0.317398] ACPI: PCI Interrupt Link [LNKD] (IRQs 5 9 10 *11)
[    0.317581] ACPI: Enabled 2 GPEs in block 00 to 07
[    0.318176] vgaarb: setting as boot device: PCI:0000:00:02.0
[    0.318176] vgaarb: device added: PCI:0000:00:02.0,decodes=io+mem,owns=io+mem,locks=none
[    0.318176] vgaarb: loaded
[    0.318176] vgaarb: bridge control possible 0000:00:02.0
[    0.321037] SCSI subsystem initialized
[    0.324234] libata version 3.00 loaded.
[    0.324420] ACPI: bus type USB registered
[    0.324450] usbcore: registered new interface driver usbfs
[    0.324504] usbcore: registered new interface driver hub
[    0.325349] usbcore: registered new device driver usb
[    0.328758] PCI: Using ACPI for IRQ routing
[    0.328758] PCI: pci_cache_line_size set to 64 bytes
[    0.328835] e820: reserve RAM buffer [mem 0x0009fc00-0x0009ffff]
[    0.328837] e820: reserve RAM buffer [mem 0xdfff0000-0xdfffffff]
[    0.328838] e820: reserve RAM buffer [mem 0x1d0800000-0x1d3ffffff]
[    0.328944] NetLabel: Initializing
[    0.328945] NetLabel:  domain hash size = 128
[    0.328946] NetLabel:  protocols = UNLABELED CIPSOv4
[    0.328953] NetLabel:  unlabeled traffic allowed by default
[    0.329201] amd_nb: Cannot enumerate AMD northbridges
[    0.332008] clocksource: Switched to clocksource kvm-clock
[    0.363337] AppArmor: AppArmor Filesystem Enabled
[    0.363413] pnp: PnP ACPI init
[    0.363505] pnp 00:00: Plug and Play ACPI device, IDs PNP0303 (active)
[    0.363594] pnp 00:01: Plug and Play ACPI device, IDs PNP0f03 (active)
[    0.364999] pnp: PnP ACPI: found 2 devices
[    0.365004] PnPBIOS: Disabled by ACPI PNP
[    0.435941] clocksource: acpi_pm: mask: 0xffffff max_cycles: 0xffffff, max_idle_ns: 2085701024 ns
[    0.435956] pci_bus 0000:00: resource 4 [io  0x0000-0x0cf7 window]
[    0.435958] pci_bus 0000:00: resource 5 [io  0x0d00-0xffff window]
[    0.435959] pci_bus 0000:00: resource 6 [mem 0x000a0000-0x000bffff window]
[    0.435960] pci_bus 0000:00: resource 7 [mem 0xe0000000-0xfdffffff window]
[    0.435984] NET: Registered protocol family 2
[    0.437039] TCP established hash table entries: 8192 (order: 3, 32768 bytes)
[    0.437154] TCP bind hash table entries: 8192 (order: 4, 65536 bytes)
[    0.437415] TCP: Hash tables configured (established 8192 bind 8192)
[    0.437724] UDP hash table entries: 512 (order: 2, 16384 bytes)
[    0.437777] UDP-Lite hash table entries: 512 (order: 2, 16384 bytes)
[    0.437931] NET: Registered protocol family 1
[    0.437941] pci 0000:00:00.0: Limiting direct PCI/PCI transfers
[    0.438046] pci 0000:00:01.0: Activating ISA DMA hang workarounds
[    0.438149] pci 0000:00:02.0: Video device with shadowed ROM
[    0.440286] PCI: CLS 0 bytes, default 64
[    0.440654] Unpacking initramfs...
[    1.324270] Freeing initrd memory: 36528K (f3898000 - f5c44000)
[    1.324418] platform rtc_cmos: registered platform RTC device (no PNP device found)
[    1.324438] Scanning for low memory corruption every 60 seconds
[    1.324568] clocksource: tsc: mask: 0xffffffffffffffff max_cycles: 0x15964a3c5e7, max_idle_ns: 440795236379 ns
[    1.326163] audit: initializing netlink subsys (disabled)
[    1.326172] audit: type=2000 audit(1637499389.324:1): initialized
[    1.326343] Initialise system trusted keyring
[    1.329210] HugeTLB registered 2 MB page size, pre-allocated 0 pages
[    1.330362] zbud: loaded
[    1.331053] VFS: Disk quotas dquot_6.6.0
[    1.331091] VFS: Dquot-cache hash table entries: 1024 (order 0, 4096 bytes)
[    1.335650] squashfs: version 4.0 (2009/01/31) Phillip Lougher
[    1.336775] fuse init (API version 7.23)
[    1.337540] Key type big_key registered
[    1.337552] Allocating IMA MOK and blacklist keyrings.
[    1.351972] Key type asymmetric registered
[    1.351975] Asymmetric key parser 'x509' registered
[    1.352034] bounce: pool size: 64 pages
[    1.352113] Block layer SCSI generic (bsg) driver version 0.4 loaded (major 249)
[    1.353399] io scheduler noop registered
[    1.353403] io scheduler deadline registered (default)
[    1.353760] io scheduler cfq registered
[    1.353879] pci_hotplug: PCI Hot Plug PCI Core version: 0.5
[    1.353883] pciehp: PCI Express Hot Plug Controller Driver version: 0.4
[    1.353902] intel_idle: does not run on family 6 model 126
[    1.354234] ACPI: AC Adapter [AC] (on-line)
[    1.354272] input: Power Button as /devices/LNXSYSTM:00/LNXPWRBN:00/input/input0
[    1.354275] ACPI: Power Button [PWRF]
[    1.354429] input: Sleep Button as /devices/LNXSYSTM:00/LNXSLPBN:00/input/input1
[    1.354431] ACPI: Sleep Button [SLPF]
[    1.356304] GHES: HEST is not enabled!
[    1.356545] isapnp: Scanning for PnP cards...
[    1.357509] ACPI: Battery Slot [BAT0] (battery present)
[    1.357819] Serial: 8250/16550 driver, 32 ports, IRQ sharing enabled
[    1.380974] Linux agpgart interface v0.103
[    1.397644] loop: module loaded
[    1.398004] ata_piix 0000:00:01.1: version 2.13
[    1.401534] scsi host0: ata_piix
[    1.403541] scsi host1: ata_piix
[    1.403598] ata1: PATA max UDMA/33 cmd 0x1f0 ctl 0x3f6 bmdma 0xd000 irq 14
[    1.403599] ata2: PATA max UDMA/33 cmd 0x170 ctl 0x376 bmdma 0xd008 irq 15
[    1.403677] libphy: Fixed MDIO Bus: probed
[    1.403679] tun: Universal TUN/TAP device driver, 1.6
[    1.403680] tun: (C) 1999-2004 Max Krasnyansky <maxk@qualcomm.com>
[    1.405363] PPP generic driver version 2.4.2
[    1.406642] ehci_hcd: USB 2.0 'Enhanced' Host Controller (EHCI) Driver
[    1.406647] ehci-pci: EHCI PCI platform driver
[    1.406653] ehci-platform: EHCI generic platform driver
[    1.406659] ohci_hcd: USB 1.1 'Open' Host Controller (OHCI) Driver
[    1.406661] ohci-pci: OHCI PCI platform driver
[    1.407585] ohci-pci 0000:00:06.0: OHCI PCI host controller
[    1.407590] ohci-pci 0000:00:06.0: new USB bus registered, assigned bus number 1
[    1.408231] ohci-pci 0000:00:06.0: irq 22, io mem 0xf0804000
[    1.476693] usb usb1: New USB device found, idVendor=1d6b, idProduct=0001
[    1.476696] usb usb1: New USB device strings: Mfr=3, Product=2, SerialNumber=1
[    1.476697] usb usb1: Product: OHCI PCI host controller
[    1.476698] usb usb1: Manufacturer: Linux 4.4.0-93-generic ohci_hcd
[    1.476700] usb usb1: SerialNumber: 0000:00:06.0
[    1.498104] hub 1-0:1.0: USB hub found
[    1.498169] hub 1-0:1.0: 12 ports detected
[    1.499690] ohci-platform: OHCI generic platform driver
[    1.499701] uhci_hcd: USB Universal Host Controller Interface driver
[    1.499809] i8042: PNP: PS/2 Controller [PNP0303:PS2K,PNP0f03:PS2M] at 0x60,0x64 irq 1,12
[    1.502981] serio: i8042 KBD port at 0x60,0x64 irq 1
[    1.502985] serio: i8042 AUX port at 0x60,0x64 irq 12
[    1.503049] mousedev: PS/2 mouse device common for all mice
[    1.504875] rtc_cmos rtc_cmos: rtc core: registered rtc_cmos as rtc0
[    1.505345] rtc_cmos rtc_cmos: alarms up to one day, 114 bytes nvram
[    1.505351] i2c /dev entries driver
[    1.505407] device-mapper: uevent: version 1.0.3
[    1.505560] device-mapper: ioctl: 4.34.0-ioctl (2015-10-28) initialised: dm-devel@redhat.com
[    1.505576] platform eisa.0: Probing EISA bus 0
[    1.505577] platform eisa.0: EISA: Cannot allocate resource for mainboard
[    1.505579] platform eisa.0: Cannot allocate resource for EISA slot 1
[    1.505580] platform eisa.0: Cannot allocate resource for EISA slot 2
[    1.505581] platform eisa.0: Cannot allocate resource for EISA slot 3
[    1.505583] platform eisa.0: Cannot allocate resource for EISA slot 4
[    1.505584] platform eisa.0: Cannot allocate resource for EISA slot 5
[    1.505585] platform eisa.0: Cannot allocate resource for EISA slot 6
[    1.505586] platform eisa.0: Cannot allocate resource for EISA slot 7
[    1.505587] platform eisa.0: Cannot allocate resource for EISA slot 8
[    1.505588] platform eisa.0: EISA: Detected 0 cards
[    1.505596] cpufreq-nforce2: No nForce2 chipset.
[    1.505602] ledtrig-cpu: registered to indicate activity on CPUs
[    1.506126] NET: Registered protocol family 10
[    1.507974] input: AT Translated Set 2 keyboard as /devices/platform/i8042/serio0/input/input2
[    1.509255] NET: Registered protocol family 17
[    1.509263] Key type dns_resolver registered
[    1.509616] microcode: CPU0 sig=0x706e5, pf=0x2, revision=0xffffffff
[    1.509826] microcode: CPU1 sig=0x706e5, pf=0x2, revision=0xffffffff
[    1.510102] microcode: CPU2 sig=0x706e5, pf=0x2, revision=0xffffffff
[    1.510170] microcode: CPU3 sig=0x706e5, pf=0x2, revision=0xffffffff
[    1.510214] microcode: Microcode Update Driver: v2.01 <tigran@aivazian.fsnet.co.uk>, Peter Oruba
[    1.510223] Using IPI No-Shortcut mode
[    1.510354] registered taskstats version 1
[    1.510366] Loading compiled-in X.509 certificates
[    1.511829] Loaded X.509 cert 'Build time autogenerated kernel key: 2453f907a00a5aa2dddcf83a7452e205d4a0e807'
[    1.511842] zswap: loaded using pool lzo/zbud
[    1.517046] Key type trusted registered
[    1.530197] Key type encrypted registered
[    1.530202] AppArmor: AppArmor sha1 policy hashing enabled
[    1.530205] ima: No TPM chip found, activating TPM-bypass!
[    1.530219] evm: HMAC attrs: 0x1
[    1.532025]   Magic number: 13:771:936
[    1.533083] rtc_cmos rtc_cmos: setting system clock to 2021-11-21 12:56:22 UTC (1637499382)
[    1.533919] BIOS EDD facility v0.16 2004-Jun-25, 0 devices found
[    1.533921] EDD information not available.
[    1.533953] PM: Hibernation image not present or could not be loaded.
[    1.593779] ata2.00: ATAPI: VBOX CD-ROM, 1.0, max UDMA/133
[    1.595232] ata2.00: configured for UDMA/33
[    1.753877] isapnp: No Plug & Play device found
[    1.756289] scsi 1:0:0:0: CD-ROM            VBOX     CD-ROM           1.0  PQ: 0 ANSI: 5
[    1.770878] sr 1:0:0:0: [sr0] scsi3-mmc drive: 32x/32x xa/form2 tray
[    1.770881] cdrom: Uniform CD-ROM driver Revision: 3.20
[    1.771688] sr 1:0:0:0: Attached scsi CD-ROM sr0
[    1.772645] sr 1:0:0:0: Attached scsi generic sg0 type 5
[    1.775260] Freeing unused kernel memory: 940K (c1ba3000 - c1c8e000)
[    1.776111] Write protecting the kernel text: 7968k
[    1.776636] Write protecting the kernel read-only data: 3172k
[    1.776637] NX-protecting the kernel data: 6368k
[    1.803011] random: systemd-udevd: uninitialized urandom read (16 bytes read, 2 bits of entropy available)
[    1.803070] random: systemd-udevd: uninitialized urandom read (16 bytes read, 2 bits of entropy available)
[    1.804654] random: udevadm: uninitialized urandom read (16 bytes read, 2 bits of entropy available)
[    1.804690] random: udevadm: uninitialized urandom read (16 bytes read, 2 bits of entropy available)
[    1.804994] random: udevadm: uninitialized urandom read (16 bytes read, 2 bits of entropy available)
[    1.805088] random: udevadm: uninitialized urandom read (16 bytes read, 2 bits of entropy available)
[    1.805129] random: udevadm: uninitialized urandom read (16 bytes read, 2 bits of entropy available)
[    1.805165] random: udevadm: uninitialized urandom read (16 bytes read, 2 bits of entropy available)
[    1.805198] random: udevadm: uninitialized urandom read (16 bytes read, 2 bits of entropy available)
[    1.805235] random: udevadm: uninitialized urandom read (16 bytes read, 2 bits of entropy available)
[    1.837730] ACPI: Video Device [GFX0] (multi-head: yes  rom: no  post: no)
[    1.837781] input: Video Bus as /devices/LNXSYSTM:00/LNXSYBUS:00/PNP0A03:00/LNXVIDEO:00/input/input5
[    1.861448] FUJITSU Extended Socket Network Device Driver - version 1.0 - Copyright (c) 2015 FUJITSU LIMITED
[    1.861436] e1000: Intel(R) PRO/1000 Network Driver - version 7.3.21-k8-NAPI
[    1.861438] e1000: Copyright (c) 1999-2006 Intel Corporation.
[    1.916442] usb 1-1: new full-speed USB device number 2 using ohci-pci
[    2.138228] input: ImExPS/2 Generic Explorer Mouse as /devices/platform/i8042/serio1/input/input6
[    2.205293] usb 1-1: New USB device found, idVendor=80ee, idProduct=0021
[    2.205295] usb 1-1: New USB device strings: Mfr=1, Product=3, SerialNumber=0
[    2.205297] usb 1-1: Product: USB Tablet
[    2.205298] usb 1-1: Manufacturer: VirtualBox
[    2.228889] hidraw: raw HID events driver (C) Jiri Kosina
[    2.249609] usbcore: registered new interface driver usbhid
[    2.249611] usbhid: USB HID core driver
[    2.261521] input: VirtualBox USB Tablet as /devices/pci0000:00/0000:00:06.0/usb1/1-1/1-1:1.0/0003:80EE:0021.0001/input/input7
[    2.261590] hid-generic 0003:80EE:0021.0001: input,hidraw0: USB HID v1.10 Mouse [VirtualBox USB Tablet] on usb-0000:00:06.0-1/input0
[    2.507216] e1000 0000:00:03.0 eth0: (PCI:33MHz:32-bit) 08:00:27:70:6b:de
[    2.507238] e1000 0000:00:03.0 eth0: Intel(R) PRO/1000 Network Connection
[    2.507839] ahci 0000:00:0d.0: version 3.0
[    2.509667] ahci 0000:00:0d.0: SSS flag set, parallel bus scan disabled
[    2.510366] ahci 0000:00:0d.0: AHCI 0001.0100 32 slots 1 ports 3 Gbps 0x1 impl SATA mode
[    2.510368] ahci 0000:00:0d.0: flags: 64bit ncq stag only ccc 
[    2.512879] e1000 0000:00:03.0 enp0s3: renamed from eth0
[    2.513319] scsi host2: ahci
[    2.513468] ata3: SATA max UDMA/133 abar m8192@0xf0806000 port 0xf0806100 irq 21
[    3.257801] ata3: SATA link up 3.0 Gbps (SStatus 123 SControl 300)
[    3.259495] ata3.00: ATA-8: VBOX HARDDISK, 1.0, max UDMA/133
[    3.259501] ata3.00: 25165824 sectors, multi 128: LBA48 NCQ (depth 31/32)
[    3.262500] ata3.00: configured for UDMA/133
[    3.265450] scsi 2:0:0:0: Direct-Access     ATA      VBOX HARDDISK    1.0  PQ: 0 ANSI: 5
[    3.265747] sd 2:0:0:0: Attached scsi generic sg1 type 0
[    3.265798] sd 2:0:0:0: [sda] 25165824 512-byte logical blocks: (12.9 GB/12.0 GiB)
[    3.265822] sd 2:0:0:0: [sda] Write Protect is off
[    3.265824] sd 2:0:0:0: [sda] Mode Sense: 00 3a 00 00
[    3.265834] sd 2:0:0:0: [sda] Write cache: enabled, read cache: enabled, doesn't support DPO or FUA
[    3.269521]  sda: sda1 sda2 < sda5 >
[    3.269871] sd 2:0:0:0: [sda] Attached SCSI disk
[    4.917732] floppy0: no floppy controllers found
[    5.382902] EXT4-fs (sda1): mounted filesystem with ordered data mode. Opts: (null)
[    5.693275] systemd[1]: systemd 229 running in system mode. (+PAM +AUDIT +SELINUX +IMA +APPARMOR +SMACK +SYSVINIT +UTMP +LIBCRYPTSETUP +GCRYPT +GNUTLS +ACL +XZ -LZ4 +SECCOMP +BLKID +ELFUTILS +KMOD -IDN)
[    5.693304] systemd[1]: Detected virtualization oracle.
[    5.693307] systemd[1]: Detected architecture x86.
[    5.694428] systemd[1]: Set hostname to <bham-OS>.
[    5.990587] systemd[1]: Listening on Journal Socket (/dev/log).
[    5.990632] systemd[1]: Listening on Syslog Socket.
[    5.990650] systemd[1]: Listening on Journal Socket.
[    5.990744] systemd[1]: Set up automount Arbitrary Executable File Formats File System Automount Point.
[    5.990762] systemd[1]: Listening on udev Kernel Socket.
[    5.990769] systemd[1]: Reached target User and Group Name Lookups.
[    5.990774] systemd[1]: Reached target Remote File Systems (Pre).
[    5.990794] systemd[1]: Listening on /dev/initctl Compatibility Named Pipe.
[    5.990845] systemd[1]: Created slice System Slice.
[    6.000302] systemd[1]: Starting Create list of required static device nodes for the current kernel...
[    6.007497] systemd[1]: Mounting POSIX Message Queue File System...
[    6.020547] systemd[1]: Starting Load Kernel Modules...
[    6.024548] systemd[1]: Starting Set console keymap...
[    6.025788] systemd[1]: Started Braille Device Support.
[    6.028106] systemd[1]: Mounting Debug File System...
[    6.030826] systemd[1]: Mounting Huge Pages File System...
[    6.031509] systemd[1]: Listening on Journal Audit Socket.
[    6.043351] systemd[1]: Starting Uncomplicated firewall...
[    6.052892] systemd[1]: Listening on fsck to fsckd communication Socket.
[    6.053041] systemd[1]: Listening on udev Control Socket.
[    6.053188] systemd[1]: Started Forward Password Requests to Wall Directory Watch.
[    6.055026] systemd[1]: Starting Journal Service...
[    6.055060] systemd[1]: Reached target Encrypted Volumes.
[    6.055292] systemd[1]: Started Trigger resolvconf update for networkd DNS.
[    6.055441] systemd[1]: Reached target Remote File Systems.
[    6.055640] systemd[1]: Created slice User and Session Slice.
[    6.055681] systemd[1]: Reached target Slices.
[    6.064265] systemd[1]: Mounted Huge Pages File System.
[    6.064267] systemd[1]: Mounted Debug File System.
[    6.064275] systemd[1]: Mounted POSIX Message Queue File System.
[    6.064404] systemd[1]: Started Create list of required static device nodes for the current kernel.
[    6.099089] systemd[1]: Starting Create Static Device Nodes in /dev...
[    6.127964] systemd[1]: Started Uncomplicated firewall.
[    6.130735] lp: driver loaded but no devices found
[    6.146256] ppdev: user-space parallel port driver
[    6.163323] systemd[1]: Started Journal Service.
[    6.418862] EXT4-fs (sda1): re-mounted. Opts: errors=remount-ro
[    6.482919] systemd-journald[226]: Received request to flush runtime journal from PID 1
[    6.824408] vgdrvHeartbeatInit: Setting up heartbeat to trigger every 2000 milliseconds
[    6.841518] input: Unspecified device as /devices/pci0000:00/0000:00:04.0/input/input8
[    6.841784] vboxguest: misc device minor 55, IRQ 20, I/O port d020, MMIO at 00000000f0400000 (size 0x400000)
[    6.842089] vboxguest: Successfully loaded version 5.0.18_Ubuntu (interface 0x00010004)
[    6.932045] piix4_smbus 0000:00:07.0: SMBus Host Controller at 0x4100, revision 0
[    7.445286] [drm] Initialized drm 1.1.0 20060810
[    7.619659] audit: type=1400 audit(1637499388.584:2): apparmor="STATUS" operation="profile_load" profile="unconfined" name="/usr/lib/lightdm/lightdm-guest-session" pid=490 comm="apparmor_parser"
[    7.619668] audit: type=1400 audit(1637499388.584:3): apparmor="STATUS" operation="profile_load" profile="unconfined" name="/usr/lib/lightdm/lightdm-guest-session//chromium" pid=490 comm="apparmor_parser"
[    7.623139] audit: type=1400 audit(1637499388.588:4): apparmor="STATUS" operation="profile_load" profile="unconfined" name="webbrowser-app" pid=494 comm="apparmor_parser"
[    7.623148] audit: type=1400 audit(1637499388.588:5): apparmor="STATUS" operation="profile_load" profile="unconfined" name="webbrowser-app//oxide_helper" pid=494 comm="apparmor_parser"
[    7.626605] audit: type=1400 audit(1637499388.592:6): apparmor="STATUS" operation="profile_load" profile="unconfined" name="/sbin/dhclient" pid=491 comm="apparmor_parser"
[    7.626611] audit: type=1400 audit(1637499388.592:7): apparmor="STATUS" operation="profile_load" profile="unconfined" name="/usr/lib/NetworkManager/nm-dhcp-client.action" pid=491 comm="apparmor_parser"
[    7.626614] audit: type=1400 audit(1637499388.592:8): apparmor="STATUS" operation="profile_load" profile="unconfined" name="/usr/lib/NetworkManager/nm-dhcp-helper" pid=491 comm="apparmor_parser"
[    7.626617] audit: type=1400 audit(1637499388.592:9): apparmor="STATUS" operation="profile_load" profile="unconfined" name="/usr/lib/connman/scripts/dhclient-script" pid=491 comm="apparmor_parser"
[    7.637019] audit: type=1400 audit(1637499388.604:10): apparmor="STATUS" operation="profile_load" profile="unconfined" name="/usr/lib/snapd/snap-confine" pid=503 comm="apparmor_parser"
[    7.645891] audit: type=1400 audit(1637499388.604:11): apparmor="STATUS" operation="profile_replace" profile="unconfined" name="/usr/lib/snapd/snap-confine" pid=504 comm="apparmor_parser"
[    7.745439] [drm] VRAM 04000000
[    7.746483] [TTM] Zone  kernel: Available graphics memory: 413596 kiB
[    7.746483] [TTM] Zone highmem: Available graphics memory: 3499904 kiB
[    7.746484] [TTM] Initializing pool allocator
[    7.746486] [TTM] Initializing DMA pool allocator
[    7.861428] fbcon: vboxdrmfb (fb0) is primary device
[    8.418550] Adding 2095100k swap on /dev/sda5.  Priority:-1 extents:1 across:2095100k SSFS
[    8.622340] Console: switching to colour frame buffer device 100x37
[    8.650062] vboxvideo 0000:00:02.0: fb0: vboxdrmfb frame buffer device
[    8.665552] [drm] Initialized vboxvideo 1.0.0 20130823 for 0000:00:02.0 on minor 0
[    9.840383] floppy0: no floppy controllers found
[   10.445032] IPv6: ADDRCONF(NETDEV_UP): enp0s3: link is not ready
[   10.474349] e1000: enp0s3 NIC Link is Up 1000 Mbps Full Duplex, Flow Control: RX
[   10.475039] IPv6: ADDRCONF(NETDEV_UP): enp0s3: link is not ready
[   10.477865] IPv6: ADDRCONF(NETDEV_CHANGE): enp0s3: link becomes ready
[   15.295093] random: nonblocking pool is initialized
[  245.538947] charDeviceDriver: module verification failed: signature and/or required key missing - tainting kernel
[  245.543532] I was assigned major number 246. To talk to
[  245.543534] the driver, create a dev file with
[  245.543535] 'mknod /dev/opsysmem c 246 0'.
[  245.543535] Try various minor numbers. Try to cat and echo to
[  245.543536] the device file.
[  245.543537] Remove the device file and module when done.
[  245.543538] init
[  245.543541] all added
[  368.118350] I was assigned major number 246. To talk to
[  368.118353] the driver, create a dev file with
[  368.118354] 'mknod /dev/opsysmem c 246 0'.
[  368.118355] Try various minor numbers. Try to cat and echo to
[  368.118355] the device file.
[  368.118356] Remove the device file and module when done.
[  368.118357] init
[  368.118360] all added
[  607.647364] I was assigned major number 246. To talk to
[  607.647366] the driver, create a dev file with
[  607.647367] 'mknod /dev/opsysmem c 246 0'.
[  607.647368] Try various minor numbers. Try to cat and echo to
[  607.647368] the device file.
[  607.647369] Remove the device file and module when done.
[  607.647370] init
[  607.647374] all added 
[  607.647375] all added 2 
[  713.429023] I was assigned major number 246. To talk to
[  713.429025] the driver, create a dev file with
[  713.429026] 'mknod /dev/opsysmem c 246 0'.
[  713.429027] Try various minor numbers. Try to cat and echo to
[  713.429027] the device file.
[  713.429028] Remove the device file and module when done.
[  713.429029] init
[  713.429032] all added 
[  713.429033] all added 2 
[  713.429034] got entry dadas 
[  882.386034] I was assigned major number 246. To talk to
[  882.386036] the driver, create a dev file with
[  882.386037] 'mknod /dev/opsysmem c 246 0'.
[  882.386038] Try various minor numbers. Try to cat and echo to
[  882.386039] the device file.
[  882.386040] Remove the device file and module when done.
[  882.386040] init
[  882.386045] all added 
[  882.386046] all added 2 
[  882.386046] got entry dadas 
[  882.386047] deleted 
[  882.386048] got entry ddaddasdadsad 
